---
source: bitflip_program/tests/game_update_temp_signer_test.rs
expression: game_state_account
snapshot_kind: text
---
{
  "version": 0,
  "fundedSigner": "[funded_signer:pubkey]",
  "tempSigner": "[temp_signer:pubkey]",
  "startTime": 0,
  "duration": 5184000,
  "minLamports": 10000,
  "baseLamports": 100000,
  "maxLamports": 18446744073709551615,
  "status": 0,
  "gameIndex": 0,
  "sectionIndex": 0,
  "bump": 253,
  "padding": [
    0,
    0,
    0,
    0,
    0,
    0,
    0,
    0,
    0,
    0,
    0,
    0,
    0,
    0,
    0,
    0,
    0,
    0,
    0,
    0,
    0,
    0,
    0,
    0,
    0,
    0,
    0,
    0,
    0,
    0,
    0,
    0
  ]
}
